Microsoft Windows [Version 10.0.19044.2006]
(c) Microsoft Corporation. All rights reserved.

C:\Users\IUQ2KOR>git
usage: git [-v | --version] [-h | --help] [-C <path>] [-c <name>=<value>]
           [--exec-path[=<path>]] [--html-path] [--man-path] [--info-path]
           [-p | --paginate | -P | --no-pager] [--no-replace-objects] [--bare]
           [--git-dir=<path>] [--work-tree=<path>] [--namespace=<name>]
           [--super-prefix=<path>] [--config-env=<name>=<envvar>]
           <command> [<args>]

These are common Git commands used in various situations:

start a working area (see also: git help tutorial)
   clone     Clone a repository into a new directory
   init      Create an empty Git repository or reinitialize an existing one

work on the current change (see also: git help everyday)
   add       Add file contents to the index
   mv        Move or rename a file, a directory, or a symlink
   restore   Restore working tree files
   rm        Remove files from the working tree and from the index

examine the history and state (see also: git help revisions)
   bisect    Use binary search to find the commit that introduced a bug
   diff      Show changes between commits, commit and working tree, etc
   grep      Print lines matching a pattern
   log       Show commit logs
   show      Show various types of objects
   status    Show the working tree status

grow, mark and tweak your common history
   branch    List, create, or delete branches
   commit    Record changes to the repository
   merge     Join two or more development histories together
   rebase    Reapply commits on top of another base tip
   reset     Reset current HEAD to the specified state
   switch    Switch branches
   tag       Create, list, delete or verify a tag object signed with GPG

collaborate (see also: git help workflows)
   fetch     Download objects and refs from another repository
   pull      Fetch from and integrate with another repository or a local branch
   push      Update remote refs along with associated objects

'git help -a' and 'git help -g' list available subcommands and some
concept guides. See 'git help <command>' or 'git help <concept>'
to read about a specific subcommand or concept.
See 'git help git' for an overview of the system.

C:\Users\IUQ2KOR>git config --global user.name "sidduramg"

C:\Users\IUQ2KOR>git config --global user.email "sidramguggari@gmail.com"

C:\Users\IUQ2KOR>git clone https://github.com/sidduramg/TrialOct12.git
Cloning into 'TrialOct12'...
remote: Enumerating objects: 3, done.
remote: Counting objects: 100% (3/3), done.
remote: Total 3 (delta 0), reused 0 (delta 0), pack-reused 0
Receiving objects: 100% (3/3), done.

C:\Users\IUQ2KOR>cd TrialOct12

C:\Users\IUQ2KOR\TrialOct12>git add Trial1.txt

C:\Users\IUQ2KOR\TrialOct12>git status
On branch main
Your branch is up to date with 'origin/main'.

Changes to be committed:
  (use "git restore --staged <file>..." to unstage)
        new file:   Trial1.txt


C:\Users\IUQ2KOR\TrialOct12>git commit -m "First commit"
[main 11ebbe1] First commit
 1 file changed, 0 insertions(+), 0 deletions(-)
 create mode 100644 Trial1.txt

C:\Users\IUQ2KOR\TrialOct12>git push
info: please complete authentication in your browser...
Enumerating objects: 4, done.
Counting objects: 100% (4/4), done.
Delta compression using up to 12 threads
Compressing objects: 100% (2/2), done.
Writing objects: 100% (3/3), 276 bytes | 276.00 KiB/s, done.
Total 3 (delta 0), reused 0 (delta 0), pack-reused 0
To https://github.com/sidduramg/TrialOct12.git
   6eae901..11ebbe1  main -> main

C:\Users\IUQ2KOR\TrialOct12>git diff
diff --git a/Trial1.txt b/Trial1.txt
index e69de29..e1c2bb6 100644
--- a/Trial1.txt
+++ b/Trial1.txt
@@ -0,0 +1,3 @@
+How to create repository
+
+By signing into your accuount
\ No newline at end of file

C:\Users\IUQ2KOR\TrialOct12>git commit -am "Second commit"
[main bdc5049] Second commit
 1 file changed, 3 insertions(+)

C:\Users\IUQ2KOR\TrialOct12>git push
Enumerating objects: 5, done.
Counting objects: 100% (5/5), done.
Delta compression using up to 12 threads
Compressing objects: 100% (3/3), done.
Writing objects: 100% (3/3), 332 bytes | 332.00 KiB/s, done.
Total 3 (delta 0), reused 0 (delta 0), pack-reused 0
To https://github.com/sidduramg/TrialOct12.git
   11ebbe1..bdc5049  main -> main

C:\Users\IUQ2KOR\TrialOct12>